Copyright 1986-1999, 2001-2013 Xilinx, Inc. All Rights Reserved.
-----------------------------------------------------------------------------------------------------------------------
| Tool Version : Vivado v.2013.4 (win64) Build 353583 Mon Dec  9 17:49:19 MST 2013
| Date         : Thu Feb 20 23:50:12 2014
| Host         :  running 64-bit major release  (build 7600)
| Command      : report_utilization -file ff_replicator_utilization_placed.rpt -pb ff_replicator_utilization_placed.pb
| Design       : ff_replicator
| Device       : xc7vx485t
| Design State : Fully Placed
-----------------------------------------------------------------------------------------------------------------------

Utilization Design Information

Table of Contents
-----------------
1. Slice Logic
2. Slice Logic Distribution
3. Memory
4. DSP
5. IO and GTX Specific
6. Clocking
7. Specific Feature
8. Primitives
9. Black Boxes
10. Instantiated Netlists

1. Slice Logic
--------------

+-------------------------+------+-------+-----------+-------+
|        Site Type        | Used | Loced | Available | Util% |
+-------------------------+------+-------+-----------+-------+
| Slice LUTs              |    0 |     0 |    303600 |  0.00 |
|   LUT as Logic          |    0 |     0 |    303600 |  0.00 |
|   LUT as Memory         |    0 |     0 |    130800 |  0.00 |
| Slice Registers         |  100 |     0 |    607200 |  0.01 |
|   Register as Flip Flop |  100 |     0 |    607200 |  0.01 |
|   Register as Latch     |    0 |     0 |    607200 |  0.00 |
| F7 Muxes                |    0 |     0 |    151800 |  0.00 |
| F8 Muxes                |    0 |     0 |     75900 |  0.00 |
+-------------------------+------+-------+-----------+-------+


2. Slice Logic Distribution
---------------------------

+-------------------------------------------------------------+---------+-------+-----------+-------+
|                          Site Type                          |   Used  | Loced | Available | Util% |
+-------------------------------------------------------------+---------+-------+-----------+-------+
| Slice                                                       |      18 |     0 |     75900 |  0.02 |
| LUT as Logic                                                |       0 |     0 |    303600 |  0.00 |
| LUT as Memory                                               |       0 |     0 |    130800 |  0.00 |
|   LUT as Distributed RAM                                    |       0 |     0 |           |       |
|   LUT as Shift Register                                     |       0 |     0 |           |       |
| LUT Flip Flop Pairs                                         |      68 |     0 |    303600 |  0.02 |
|   fully used LUT-FF pairs                                   |       0 |       |           |       |
|   LUT-FF pairs with unused LUT                              |      68 |       |           |       |
|   LUT-FF pairs with unused Flip Flop                        |       0 |       |           |       |
| Unique Control Sets                                         |       1 |       |           |       |
| Minimum number of registers lost to control set restriction | 4(Lost) |       |           |       |
+-------------------------------------------------------------+---------+-------+-----------+-------+


3. Memory
---------

+----------------+------+-------+-----------+-------+
|    Site Type   | Used | Loced | Available | Util% |
+----------------+------+-------+-----------+-------+
| Block RAM Tile |    0 |     0 |      1030 |  0.00 |
|   RAMB36/FIFO* |    0 |     0 |      1030 |  0.00 |
|   RAMB18       |    0 |     0 |      2060 |  0.00 |
+----------------+------+-------+-----------+-------+
* Note: Each Block RAM Tile only has one FIFO logic available and therefore can accommodate only one FIFO36E1 or one FIFO18E1. However, if a FIFO18E1 occupies a Block RAM Tile, that tile can still accommodate a RAMB18E1


4. DSP
------

+-----------+------+-------+-----------+-------+
| Site Type | Used | Loced | Available | Util% |
+-----------+------+-------+-----------+-------+
| DSPs      |    0 |     0 |      2800 |  0.00 |
+-----------+------+-------+-----------+-------+


5. IO and GTX Specific
----------------------

+-----------------------------+------+-------+-----------+-------+
|          Site Type          | Used | Loced | Available | Util% |
+-----------------------------+------+-------+-----------+-------+
| Bonded IOB                  |   23 |    23 |       600 |  3.83 |
|   IOB Master Pads           |   11 |       |           |       |
|   IOB Slave Pads            |   11 |       |           |       |
| Bonded IPADs                |    0 |     0 |        62 |  0.00 |
| Bonded OPADs                |    0 |     0 |        40 |  0.00 |
| GTXE2_CHANNEL               |    0 |     0 |        20 |  0.00 |
| GTXE2_COMMON                |    0 |     0 |         5 |  0.00 |
| IBUFGDS                     |    0 |     0 |       576 |  0.00 |
| IDELAYCTRL                  |    0 |     0 |        14 |  0.00 |
| IN_FIFO                     |    0 |     0 |        56 |  0.00 |
| OUT_FIFO                    |    0 |     0 |        56 |  0.00 |
| PHASER_REF                  |    0 |     0 |        14 |  0.00 |
| PHY_CONTROL                 |    0 |     0 |        14 |  0.00 |
| PHASER_OUT/PHASER_OUT_PHY   |    0 |     0 |        56 |  0.00 |
| PHASER_IN/PHASER_IN_PHY     |    0 |     0 |        56 |  0.00 |
| IDELAYE2/IDELAYE2_FINEDELAY |    0 |     0 |       700 |  0.00 |
| ODELAYE2/ODELAYE2_FINEDELAY |    0 |     0 |       700 |  0.00 |
| IBUFDS_GTE2                 |    0 |     0 |        28 |  0.00 |
| ILOGIC                      |    0 |     0 |       600 |  0.00 |
| OLOGIC                      |    0 |     0 |       600 |  0.00 |
+-----------------------------+------+-------+-----------+-------+


6. Clocking
-----------

+------------+------+-------+-----------+-------+
|  Site Type | Used | Loced | Available | Util% |
+------------+------+-------+-----------+-------+
| BUFGCTRL   |    1 |     0 |        32 |  3.12 |
| BUFIO      |    0 |     0 |        56 |  0.00 |
| MMCME2_ADV |    0 |     0 |        14 |  0.00 |
| PLLE2_ADV  |    0 |     0 |        14 |  0.00 |
| BUFMRCE    |    0 |     0 |        28 |  0.00 |
| BUFHCE     |    0 |     0 |       168 |  0.00 |
| BUFR       |    0 |     0 |        56 |  0.00 |
+------------+------+-------+-----------+-------+


7. Specific Feature
-------------------

+-------------+------+-------+-----------+-------+
|  Site Type  | Used | Loced | Available | Util% |
+-------------+------+-------+-----------+-------+
| BSCANE2     |    0 |     0 |         4 |  0.00 |
| CAPTUREE2   |    0 |     0 |         1 |  0.00 |
| DNA_PORT    |    0 |     0 |         1 |  0.00 |
| EFUSE_USR   |    0 |     0 |         1 |  0.00 |
| FRAME_ECCE2 |    0 |     0 |         1 |  0.00 |
| ICAPE2      |    0 |     0 |         2 |  0.00 |
| PCIE_2_1    |    0 |     0 |         4 |  0.00 |
| STARTUPE2   |    0 |     0 |         1 |  0.00 |
| XADC        |    0 |     0 |         1 |  0.00 |
+-------------+------+-------+-----------+-------+


8. Primitives
-------------

+----------+------+
| Ref Name | Used |
+----------+------+
| FDRE     |  100 |
| IBUF     |   13 |
| OBUF     |   10 |
| BUFG     |    1 |
+----------+------+


9. Black Boxes
--------------

+----------+------+
| Ref Name | Used |
+----------+------+


10. Instantiated Netlists
-------------------------

+----------+------+
| Ref Name | Used |
+----------+------+


