#-----------------------------------------------------------
# Vivado v2026.1.0 (64-bit)
# SW Build 6368940 on Sun Feb 15 16:04:05 MST 2026
# IP Build 6362821 on Sun Feb 08 12:49:23 MST 2026
# SharedData Build 6368722 on Sat Feb 14 20:44:20 MST 2026
# Start of session at: Mon Feb 16 10:51:15 2026
# Process ID         : 4175565
# Current directory  : /home/gnersisy/git/2026.1/XilinxTclStore/tclapp/xilinx/designutils/test
# Command line       : vivado
# Log file           : /home/gnersisy/git/2026.1/XilinxTclStore/tclapp/xilinx/designutils/test/vivado.log
# Journal file       : /home/gnersisy/git/2026.1/XilinxTclStore/tclapp/xilinx/designutils/test/vivado.jou
# Running On         : xedl210037
# Platform           : RedHatEnterprise
# Operating System   : Red Hat Enterprise Linux release 8.10 (Ootpa)
# Processor Detail   : AMD EPYC 7302 16-Core Processor
# CPU Frequency      : 3000.000 MHz
# CPU Physical cores : 32
# CPU Logical cores  : 64
# Host memory        : 506252 MB
# Swap memory        : 34359 MB
# Total Virtual      : 540612 MB
# Available Virtual  : 534276 MB
#-----------------------------------------------------------
start_gui
source ./test.tcl
source tb_write_ip_integrator_testbench_0001.tcl
